// Jest Snapshot v1, https://goo.gl/fbAQLP

exports[`should render DashboardPage 1`] = `
<div>
  Here show to do list
</div>
`;
